// Jest Snapshot v1, https://goo.gl/fbAQLP

exports[`renders without crashing and matches snapshot 1`] = `
<div
  className="sc-jzJRlG bBVbYm"
  onScroll={[Function]}
>
  <div
    className="sc-cSHVUG kmYqSE"
  >
    <div
      className="sc-bdVaJa cpqOBv"
    >
      <input
        className="sc-bwzfXH erGLxu"
        onBlur={[Function]}
        onChange={[Function]}
        onFocus={[Function]}
        onKeyDown={[Function]}
        placeholder="Search..."
        type="text"
        value=""
      />
      <img
        alt="Search"
        className="sc-htpNat NRooi"
        onClick={[Function]}
        src="magnifying-glass.svg"
      />
      
    </div>
  </div>
</div>
`;
